// Jest Snapshot v1, https://goo.gl/fbAQLP

exports[`ImageGalleryItem renders with ResultImageButton without crashing 1`] = `
ShallowWrapper {
  "length": 1,
  Symbol(enzyme.__root__): [Circular],
  Symbol(enzyme.__unrendered__): <ImageGalleryItem
    ItemButton={[Function]}
    alt="alt"
    gif={
        Object {
            "id": "3ohc123V1Dr1nf8lcQ",
            "slug": "dance-cute-bear-3ohc123V1Dr1nf8lcQ",
            "url": "https://media1.giphy.com/media/3ohc123V1Dr1nf8lcQ/giphy.gif",
          }
    }
    onClickButton={[Function]}
    src="https://media0.giphy.com/media/11Ldh8hMMCEkta/giphy.gif"
    uiID="poU45wTKf1Qut1XirnOq"
/>,
  Symbol(enzyme.__renderer__): Object {
    "batchedUpdates": [Function],
    "getNode": [Function],
    "render": [Function],
    "simulateEvent": [Function],
    "unmount": [Function],
  },
  Symbol(enzyme.__node__): Object {
    "instance": null,
    "key": undefined,
    "nodeType": "class",
    "props": Object {
      "children": Array [
        <div
          id="poU45wTKf1Qut1XirnOq"
          style={
                    Object {
                              "display": "none",
                            }
          }
>
          <styled.img
                    alt="alt"
                    onClick={[Function]}
                    onLoad={[Function]}
                    src="https://media0.giphy.com/media/11Ldh8hMMCEkta/giphy.gif"
          />
          <ResultImageButton
                    gif={
                              Object {
                                        "id": "3ohc123V1Dr1nf8lcQ",
                                        "slug": "dance-cute-bear-3ohc123V1Dr1nf8lcQ",
                                        "url": "https://media1.giphy.com/media/3ohc123V1Dr1nf8lcQ/giphy.gif",
                                      }
                    }
                    onClickButton={[Function]}
          />
</div>,
        <LoadingImage
          id="loading_poU45wTKf1Qut1XirnOq"
/>,
      ],
    },
    "ref": null,
    "rendered": Array [
      Object {
        "instance": null,
        "key": undefined,
        "nodeType": "host",
        "props": Object {
          "children": Array [
            <styled.img
              alt="alt"
              onClick={[Function]}
              onLoad={[Function]}
              src="https://media0.giphy.com/media/11Ldh8hMMCEkta/giphy.gif"
/>,
            <ResultImageButton
              gif={
                            Object {
                                          "id": "3ohc123V1Dr1nf8lcQ",
                                          "slug": "dance-cute-bear-3ohc123V1Dr1nf8lcQ",
                                          "url": "https://media1.giphy.com/media/3ohc123V1Dr1nf8lcQ/giphy.gif",
                                        }
              }
              onClickButton={[Function]}
/>,
          ],
          "id": "poU45wTKf1Qut1XirnOq",
          "style": Object {
            "display": "none",
          },
        },
        "ref": null,
        "rendered": Array [
          Object {
            "instance": null,
            "key": undefined,
            "nodeType": "class",
            "props": Object {
              "alt": "alt",
              "onClick": [Function],
              "onLoad": [Function],
              "src": "https://media0.giphy.com/media/11Ldh8hMMCEkta/giphy.gif",
            },
            "ref": null,
            "rendered": null,
            "type": [Function],
          },
          Object {
            "instance": null,
            "key": undefined,
            "nodeType": "function",
            "props": Object {
              "gif": Object {
                "id": "3ohc123V1Dr1nf8lcQ",
                "slug": "dance-cute-bear-3ohc123V1Dr1nf8lcQ",
                "url": "https://media1.giphy.com/media/3ohc123V1Dr1nf8lcQ/giphy.gif",
              },
              "onClickButton": [Function],
            },
            "ref": null,
            "rendered": null,
            "type": [Function],
          },
        ],
        "type": "div",
      },
      Object {
        "instance": null,
        "key": undefined,
        "nodeType": "function",
        "props": Object {
          "id": "loading_poU45wTKf1Qut1XirnOq",
        },
        "ref": null,
        "rendered": null,
        "type": [Function],
      },
    ],
    "type": [Function],
  },
  Symbol(enzyme.__nodes__): Array [
    Object {
      "instance": null,
      "key": undefined,
      "nodeType": "class",
      "props": Object {
        "children": Array [
          <div
            id="poU45wTKf1Qut1XirnOq"
            style={
                        Object {
                                    "display": "none",
                                  }
            }
>
            <styled.img
                        alt="alt"
                        onClick={[Function]}
                        onLoad={[Function]}
                        src="https://media0.giphy.com/media/11Ldh8hMMCEkta/giphy.gif"
            />
            <ResultImageButton
                        gif={
                                    Object {
                                                "id": "3ohc123V1Dr1nf8lcQ",
                                                "slug": "dance-cute-bear-3ohc123V1Dr1nf8lcQ",
                                                "url": "https://media1.giphy.com/media/3ohc123V1Dr1nf8lcQ/giphy.gif",
                                              }
                        }
                        onClickButton={[Function]}
            />
</div>,
          <LoadingImage
            id="loading_poU45wTKf1Qut1XirnOq"
/>,
        ],
      },
      "ref": null,
      "rendered": Array [
        Object {
          "instance": null,
          "key": undefined,
          "nodeType": "host",
          "props": Object {
            "children": Array [
              <styled.img
                alt="alt"
                onClick={[Function]}
                onLoad={[Function]}
                src="https://media0.giphy.com/media/11Ldh8hMMCEkta/giphy.gif"
/>,
              <ResultImageButton
                gif={
                                Object {
                                                "id": "3ohc123V1Dr1nf8lcQ",
                                                "slug": "dance-cute-bear-3ohc123V1Dr1nf8lcQ",
                                                "url": "https://media1.giphy.com/media/3ohc123V1Dr1nf8lcQ/giphy.gif",
                                              }
                }
                onClickButton={[Function]}
/>,
            ],
            "id": "poU45wTKf1Qut1XirnOq",
            "style": Object {
              "display": "none",
            },
          },
          "ref": null,
          "rendered": Array [
            Object {
              "instance": null,
              "key": undefined,
              "nodeType": "class",
              "props": Object {
                "alt": "alt",
                "onClick": [Function],
                "onLoad": [Function],
                "src": "https://media0.giphy.com/media/11Ldh8hMMCEkta/giphy.gif",
              },
              "ref": null,
              "rendered": null,
              "type": [Function],
            },
            Object {
              "instance": null,
              "key": undefined,
              "nodeType": "function",
              "props": Object {
                "gif": Object {
                  "id": "3ohc123V1Dr1nf8lcQ",
                  "slug": "dance-cute-bear-3ohc123V1Dr1nf8lcQ",
                  "url": "https://media1.giphy.com/media/3ohc123V1Dr1nf8lcQ/giphy.gif",
                },
                "onClickButton": [Function],
              },
              "ref": null,
              "rendered": null,
              "type": [Function],
            },
          ],
          "type": "div",
        },
        Object {
          "instance": null,
          "key": undefined,
          "nodeType": "function",
          "props": Object {
            "id": "loading_poU45wTKf1Qut1XirnOq",
          },
          "ref": null,
          "rendered": null,
          "type": [Function],
        },
      ],
      "type": [Function],
    },
  ],
  Symbol(enzyme.__options__): Object {
    "adapter": ReactSixteenAdapter {
      "options": Object {
        "enableComponentDidUpdateOnSetState": true,
      },
    },
  },
}
`;

exports[`onLoad 1`] = `
ShallowWrapper {
  "length": 1,
  Symbol(enzyme.__root__): [Circular],
  Symbol(enzyme.__unrendered__): <ImageGalleryItem
    ItemButton={[Function]}
    alt="alt"
    gif={
        Object {
            "id": "3ohc123V1Dr1nf8lcQ",
            "slug": "dance-cute-bear-3ohc123V1Dr1nf8lcQ",
            "url": "https://media1.giphy.com/media/3ohc123V1Dr1nf8lcQ/giphy.gif",
          }
    }
    onClickButton={[Function]}
    src="https://media0.giphy.com/media/11Ldh8hMMCEkta/giphy.gif"
    uiID="poU45wTKf1Qut1XirnOq"
/>,
  Symbol(enzyme.__renderer__): Object {
    "batchedUpdates": [Function],
    "getNode": [Function],
    "render": [Function],
    "simulateEvent": [Function],
    "unmount": [Function],
  },
  Symbol(enzyme.__node__): Object {
    "instance": null,
    "key": undefined,
    "nodeType": "class",
    "props": Object {
      "children": Array [
        <div
          id="poU45wTKf1Qut1XirnOq"
          style={
                    Object {
                              "display": "none",
                            }
          }
>
          <styled.img
                    alt="alt"
                    onClick={[Function]}
                    onLoad={[Function]}
                    src="https://media0.giphy.com/media/11Ldh8hMMCEkta/giphy.gif"
          />
          <ResultImageButton
                    gif={
                              Object {
                                        "id": "3ohc123V1Dr1nf8lcQ",
                                        "slug": "dance-cute-bear-3ohc123V1Dr1nf8lcQ",
                                        "url": "https://media1.giphy.com/media/3ohc123V1Dr1nf8lcQ/giphy.gif",
                                      }
                    }
                    onClickButton={[Function]}
          />
</div>,
        <LoadingImage
          id="loading_poU45wTKf1Qut1XirnOq"
/>,
      ],
    },
    "ref": null,
    "rendered": Array [
      Object {
        "instance": null,
        "key": undefined,
        "nodeType": "host",
        "props": Object {
          "children": Array [
            <styled.img
              alt="alt"
              onClick={[Function]}
              onLoad={[Function]}
              src="https://media0.giphy.com/media/11Ldh8hMMCEkta/giphy.gif"
/>,
            <ResultImageButton
              gif={
                            Object {
                                          "id": "3ohc123V1Dr1nf8lcQ",
                                          "slug": "dance-cute-bear-3ohc123V1Dr1nf8lcQ",
                                          "url": "https://media1.giphy.com/media/3ohc123V1Dr1nf8lcQ/giphy.gif",
                                        }
              }
              onClickButton={[Function]}
/>,
          ],
          "id": "poU45wTKf1Qut1XirnOq",
          "style": Object {
            "display": "none",
          },
        },
        "ref": null,
        "rendered": Array [
          Object {
            "instance": null,
            "key": undefined,
            "nodeType": "class",
            "props": Object {
              "alt": "alt",
              "onClick": [Function],
              "onLoad": [Function],
              "src": "https://media0.giphy.com/media/11Ldh8hMMCEkta/giphy.gif",
            },
            "ref": null,
            "rendered": null,
            "type": [Function],
          },
          Object {
            "instance": null,
            "key": undefined,
            "nodeType": "function",
            "props": Object {
              "gif": Object {
                "id": "3ohc123V1Dr1nf8lcQ",
                "slug": "dance-cute-bear-3ohc123V1Dr1nf8lcQ",
                "url": "https://media1.giphy.com/media/3ohc123V1Dr1nf8lcQ/giphy.gif",
              },
              "onClickButton": [Function],
            },
            "ref": null,
            "rendered": null,
            "type": [Function],
          },
        ],
        "type": "div",
      },
      Object {
        "instance": null,
        "key": undefined,
        "nodeType": "function",
        "props": Object {
          "id": "loading_poU45wTKf1Qut1XirnOq",
        },
        "ref": null,
        "rendered": null,
        "type": [Function],
      },
    ],
    "type": [Function],
  },
  Symbol(enzyme.__nodes__): Array [
    Object {
      "instance": null,
      "key": undefined,
      "nodeType": "class",
      "props": Object {
        "children": Array [
          <div
            id="poU45wTKf1Qut1XirnOq"
            style={
                        Object {
                                    "display": "none",
                                  }
            }
>
            <styled.img
                        alt="alt"
                        onClick={[Function]}
                        onLoad={[Function]}
                        src="https://media0.giphy.com/media/11Ldh8hMMCEkta/giphy.gif"
            />
            <ResultImageButton
                        gif={
                                    Object {
                                                "id": "3ohc123V1Dr1nf8lcQ",
                                                "slug": "dance-cute-bear-3ohc123V1Dr1nf8lcQ",
                                                "url": "https://media1.giphy.com/media/3ohc123V1Dr1nf8lcQ/giphy.gif",
                                              }
                        }
                        onClickButton={[Function]}
            />
</div>,
          <LoadingImage
            id="loading_poU45wTKf1Qut1XirnOq"
/>,
        ],
      },
      "ref": null,
      "rendered": Array [
        Object {
          "instance": null,
          "key": undefined,
          "nodeType": "host",
          "props": Object {
            "children": Array [
              <styled.img
                alt="alt"
                onClick={[Function]}
                onLoad={[Function]}
                src="https://media0.giphy.com/media/11Ldh8hMMCEkta/giphy.gif"
/>,
              <ResultImageButton
                gif={
                                Object {
                                                "id": "3ohc123V1Dr1nf8lcQ",
                                                "slug": "dance-cute-bear-3ohc123V1Dr1nf8lcQ",
                                                "url": "https://media1.giphy.com/media/3ohc123V1Dr1nf8lcQ/giphy.gif",
                                              }
                }
                onClickButton={[Function]}
/>,
            ],
            "id": "poU45wTKf1Qut1XirnOq",
            "style": Object {
              "display": "none",
            },
          },
          "ref": null,
          "rendered": Array [
            Object {
              "instance": null,
              "key": undefined,
              "nodeType": "class",
              "props": Object {
                "alt": "alt",
                "onClick": [Function],
                "onLoad": [Function],
                "src": "https://media0.giphy.com/media/11Ldh8hMMCEkta/giphy.gif",
              },
              "ref": null,
              "rendered": null,
              "type": [Function],
            },
            Object {
              "instance": null,
              "key": undefined,
              "nodeType": "function",
              "props": Object {
                "gif": Object {
                  "id": "3ohc123V1Dr1nf8lcQ",
                  "slug": "dance-cute-bear-3ohc123V1Dr1nf8lcQ",
                  "url": "https://media1.giphy.com/media/3ohc123V1Dr1nf8lcQ/giphy.gif",
                },
                "onClickButton": [Function],
              },
              "ref": null,
              "rendered": null,
              "type": [Function],
            },
          ],
          "type": "div",
        },
        Object {
          "instance": null,
          "key": undefined,
          "nodeType": "function",
          "props": Object {
            "id": "loading_poU45wTKf1Qut1XirnOq",
          },
          "ref": null,
          "rendered": null,
          "type": [Function],
        },
      ],
      "type": [Function],
    },
  ],
  Symbol(enzyme.__options__): Object {
    "adapter": ReactSixteenAdapter {
      "options": Object {
        "enableComponentDidUpdateOnSetState": true,
      },
    },
  },
}
`;
